// Jest Snapshot v1, https://goo.gl/fbAQLP

exports[`Experimental new project creation app creates correct panels 1`] = `
[
  {
    "description": "Create a blank project to store your files, plan your work, and collaborate on code, among other things.",
    "key": "blank",
    "name": "blank_project",
    "selector": "#blank-project-pane",
    "title": "Create blank project",
  },
  {
    "description": "Create a project pre-populated with the necessary files to get you started quickly.",
    "key": "template",
    "name": "create_from_template",
    "selector": "#create-from-template-pane",
    "title": "Create from template",
  },
  {
    "description": "Migrate your data from an external source like GitHub, Bitbucket, or another instance of GitLab.",
    "key": "import",
    "name": "import_project",
    "selector": "#import-project-pane",
    "title": "Import project",
  },
]
`;
